// Jest Snapshot v1, https://goo.gl/fbAQLP

exports[`Button Component Button should render with the right properties 1`] = `
CSSStyleDeclaration {
  "0": "font",
  "1": "text-rendering",
  "10": "align-items",
  "11": "cursor",
  "12": "color",
  "13": "padding",
  "14": "border",
  "15": "background-color",
  "16": "box-sizing",
  "17": "--font-size",
  "18": "font-weight",
  "19": "--button-padding",
  "2": "letter-spacing",
  "20": "--button-font-size",
  "21": "--button-background-color",
  "22": "--button-color",
  "23": "--button-border-color",
  "24": "--button-border",
  "25": "transition",
  "26": "visibility",
  "3": "word-spacing",
  "4": "line-height",
  "5": "text-transform",
  "6": "text-indent",
  "7": "text-shadow",
  "8": "display",
  "9": "text-align",
  "_importants": {
    "--button-background-color": "",
    "--button-border": "",
    "--button-border-color": "",
    "--button-color": "",
    "--button-font-size": "",
    "--button-padding": "",
    "--font-size": "",
    "align-items": "",
    "background-color": "",
    "border": "",
    "box-sizing": "",
    "color": "",
    "cursor": "",
    "display": "",
    "font": "",
    "font-size": "",
    "font-weight": "",
    "letter-spacing": "",
    "line-height": "",
    "margin": "",
    "padding": "",
    "text-align": "",
    "text-indent": "",
    "text-rendering": "",
    "text-shadow": "",
    "text-transform": "",
    "transition": "",
    "visibility": undefined,
    "word-spacing": "",
  },
  "_length": 27,
  "_onChange": [Function],
  "_values": {
    "--button-background-color": "var(--primary)",
    "--button-border": "0.0625rem solid var(--button-border-color)",
    "--button-border-color": "var(--primary)",
    "--button-color": "var(--white)",
    "--button-font-size": "1rem",
    "--button-padding": "0.6875em 3em",
    "--font-size": "1rem",
    "align-items": "flex-start",
    "background-color": "ButtonFace",
    "border": "2px outset buttonface",
    "border-bottom": "2px outset buttonface",
    "border-bottom-color": "buttonface",
    "border-bottom-style": "outset",
    "border-bottom-width": "2px",
    "border-color": "buttonface",
    "border-left": "2px outset buttonface",
    "border-left-color": "buttonface",
    "border-left-style": "outset",
    "border-left-width": "2px",
    "border-right": "2px outset buttonface",
    "border-right-color": "buttonface",
    "border-right-style": "outset",
    "border-right-width": "2px",
    "border-style": "outset",
    "border-top": "2px outset buttonface",
    "border-top-color": "buttonface",
    "border-top-style": "outset",
    "border-top-width": "2px",
    "border-width": "2px",
    "box-sizing": "border-box",
    "color": "ButtonText",
    "cursor": "pointer",
    "display": ""inline-block"",
    "font": "-webkit-small-control",
    "font-family": "-webkit-small-control",
    "font-weight": "300",
    "letter-spacing": "normal",
    "line-height": "1",
    "padding": "2px 6px 3px 6px",
    "padding-bottom": "3px",
    "padding-left": "6px",
    "padding-right": "6px",
    "padding-top": "2px",
    "text-align": "center",
    "text-indent": "0",
    "text-rendering": "auto",
    "text-shadow": "none",
    "text-transform": "none",
    "transition": "background-color 0.4s ease,border-color 0.4s ease",
    "visibility": "visible",
    "word-spacing": "normal",
  },
}
`;
